  Geri yüklenecek projeler belirleniyor...
  Geri yükleme için tüm projeler güncel.
  OptikFormApp -> D:\WriteCode\OptikForm\bin\Debug\net9.0-windows\OptikFormApp.dll

Oluşturma başarılı oldu.
    0 Uyarı
    0 Hata

Geçen Süre 00:00:00.98
